<?xml version="1.0"?>
<link_info>
   <banner>MSP430 Linker PC v4.4.3</banner>
   <copyright>Copyright (c) 2003-2015 Texas Instruments Incorporated</copyright>
   <link_time>0x577fcfd7</link_time>
   <link_errors>0x0</link_errors>
   <output_file>ADC Read.out</output_file>
   <entry_point>
      <name>_c_int00_noargs_noexit</name>
      <address>0x441e</address>
   </entry_point>
   <input_file_list>
      <input_file id="fl-2">
         <path>.\</path>
         <kind>object</kind>
         <file>main.obj</file>
         <name>main.obj</name>
      </input_file>
      <input_file id="fl-37">
         <path>C:\ti\ccsv6\tools\compiler\ti-cgt-msp430_4.4.3\lib\</path>
         <kind>archive</kind>
         <file>rts430x_lc_rd_eabi.lib</file>
         <name>copy_decompress_none.obj</name>
      </input_file>
      <input_file id="fl-38">
         <path>C:\ti\ccsv6\tools\compiler\ti-cgt-msp430_4.4.3\lib\</path>
         <kind>archive</kind>
         <file>rts430x_lc_rd_eabi.lib</file>
         <name>copy_decompress_rle.obj</name>
      </input_file>
      <input_file id="fl-39">
         <path>C:\ti\ccsv6\tools\compiler\ti-cgt-msp430_4.4.3\lib\</path>
         <kind>archive</kind>
         <file>rts430x_lc_rd_eabi.lib</file>
         <name>int27.obj</name>
      </input_file>
      <input_file id="fl-3a">
         <path>C:\ti\ccsv6\tools\compiler\ti-cgt-msp430_4.4.3\lib\</path>
         <kind>archive</kind>
         <file>rts430x_lc_rd_eabi.lib</file>
         <name>isr_trap.obj</name>
      </input_file>
      <input_file id="fl-3b">
         <path>C:\ti\ccsv6\tools\compiler\ti-cgt-msp430_4.4.3\lib\</path>
         <kind>archive</kind>
         <file>rts430x_lc_rd_eabi.lib</file>
         <name>int28.obj</name>
      </input_file>
      <input_file id="fl-3c">
         <path>C:\ti\ccsv6\tools\compiler\ti-cgt-msp430_4.4.3\lib\</path>
         <kind>archive</kind>
         <file>rts430x_lc_rd_eabi.lib</file>
         <name>int29.obj</name>
      </input_file>
      <input_file id="fl-3d">
         <path>C:\ti\ccsv6\tools\compiler\ti-cgt-msp430_4.4.3\lib\</path>
         <kind>archive</kind>
         <file>rts430x_lc_rd_eabi.lib</file>
         <name>int30.obj</name>
      </input_file>
      <input_file id="fl-3e">
         <path>C:\ti\ccsv6\tools\compiler\ti-cgt-msp430_4.4.3\lib\</path>
         <kind>archive</kind>
         <file>rts430x_lc_rd_eabi.lib</file>
         <name>int31.obj</name>
      </input_file>
      <input_file id="fl-3f">
         <path>C:\ti\ccsv6\tools\compiler\ti-cgt-msp430_4.4.3\lib\</path>
         <kind>archive</kind>
         <file>rts430x_lc_rd_eabi.lib</file>
         <name>int32.obj</name>
      </input_file>
      <input_file id="fl-40">
         <path>C:\ti\ccsv6\tools\compiler\ti-cgt-msp430_4.4.3\lib\</path>
         <kind>archive</kind>
         <file>rts430x_lc_rd_eabi.lib</file>
         <name>int33.obj</name>
      </input_file>
      <input_file id="fl-41">
         <path>C:\ti\ccsv6\tools\compiler\ti-cgt-msp430_4.4.3\lib\</path>
         <kind>archive</kind>
         <file>rts430x_lc_rd_eabi.lib</file>
         <name>int34.obj</name>
      </input_file>
      <input_file id="fl-42">
         <path>C:\ti\ccsv6\tools\compiler\ti-cgt-msp430_4.4.3\lib\</path>
         <kind>archive</kind>
         <file>rts430x_lc_rd_eabi.lib</file>
         <name>int35.obj</name>
      </input_file>
      <input_file id="fl-43">
         <path>C:\ti\ccsv6\tools\compiler\ti-cgt-msp430_4.4.3\lib\</path>
         <kind>archive</kind>
         <file>rts430x_lc_rd_eabi.lib</file>
         <name>int36.obj</name>
      </input_file>
      <input_file id="fl-44">
         <path>C:\ti\ccsv6\tools\compiler\ti-cgt-msp430_4.4.3\lib\</path>
         <kind>archive</kind>
         <file>rts430x_lc_rd_eabi.lib</file>
         <name>int37.obj</name>
      </input_file>
      <input_file id="fl-45">
         <path>C:\ti\ccsv6\tools\compiler\ti-cgt-msp430_4.4.3\lib\</path>
         <kind>archive</kind>
         <file>rts430x_lc_rd_eabi.lib</file>
         <name>int38.obj</name>
      </input_file>
      <input_file id="fl-46">
         <path>C:\ti\ccsv6\tools\compiler\ti-cgt-msp430_4.4.3\lib\</path>
         <kind>archive</kind>
         <file>rts430x_lc_rd_eabi.lib</file>
         <name>int39.obj</name>
      </input_file>
      <input_file id="fl-47">
         <path>C:\ti\ccsv6\tools\compiler\ti-cgt-msp430_4.4.3\lib\</path>
         <kind>archive</kind>
         <file>rts430x_lc_rd_eabi.lib</file>
         <name>int40.obj</name>
      </input_file>
      <input_file id="fl-48">
         <path>C:\ti\ccsv6\tools\compiler\ti-cgt-msp430_4.4.3\lib\</path>
         <kind>archive</kind>
         <file>rts430x_lc_rd_eabi.lib</file>
         <name>int41.obj</name>
      </input_file>
      <input_file id="fl-49">
         <path>C:\ti\ccsv6\tools\compiler\ti-cgt-msp430_4.4.3\lib\</path>
         <kind>archive</kind>
         <file>rts430x_lc_rd_eabi.lib</file>
         <name>int42.obj</name>
      </input_file>
      <input_file id="fl-4a">
         <path>C:\ti\ccsv6\tools\compiler\ti-cgt-msp430_4.4.3\lib\</path>
         <kind>archive</kind>
         <file>rts430x_lc_rd_eabi.lib</file>
         <name>int43.obj</name>
      </input_file>
      <input_file id="fl-4b">
         <path>C:\ti\ccsv6\tools\compiler\ti-cgt-msp430_4.4.3\lib\</path>
         <kind>archive</kind>
         <file>rts430x_lc_rd_eabi.lib</file>
         <name>int46.obj</name>
      </input_file>
      <input_file id="fl-4c">
         <path>C:\ti\ccsv6\tools\compiler\ti-cgt-msp430_4.4.3\lib\</path>
         <kind>archive</kind>
         <file>rts430x_lc_rd_eabi.lib</file>
         <name>int47.obj</name>
      </input_file>
      <input_file id="fl-4d">
         <path>C:\ti\ccsv6\tools\compiler\ti-cgt-msp430_4.4.3\lib\</path>
         <kind>archive</kind>
         <file>rts430x_lc_rd_eabi.lib</file>
         <name>int48.obj</name>
      </input_file>
      <input_file id="fl-4e">
         <path>C:\ti\ccsv6\tools\compiler\ti-cgt-msp430_4.4.3\lib\</path>
         <kind>archive</kind>
         <file>rts430x_lc_rd_eabi.lib</file>
         <name>int49.obj</name>
      </input_file>
      <input_file id="fl-4f">
         <path>C:\ti\ccsv6\tools\compiler\ti-cgt-msp430_4.4.3\lib\</path>
         <kind>archive</kind>
         <file>rts430x_lc_rd_eabi.lib</file>
         <name>int50.obj</name>
      </input_file>
      <input_file id="fl-50">
         <path>C:\ti\ccsv6\tools\compiler\ti-cgt-msp430_4.4.3\lib\</path>
         <kind>archive</kind>
         <file>rts430x_lc_rd_eabi.lib</file>
         <name>int51.obj</name>
      </input_file>
      <input_file id="fl-51">
         <path>C:\ti\ccsv6\tools\compiler\ti-cgt-msp430_4.4.3\lib\</path>
         <kind>archive</kind>
         <file>rts430x_lc_rd_eabi.lib</file>
         <name>int52.obj</name>
      </input_file>
      <input_file id="fl-52">
         <path>C:\ti\ccsv6\tools\compiler\ti-cgt-msp430_4.4.3\lib\</path>
         <kind>archive</kind>
         <file>rts430x_lc_rd_eabi.lib</file>
         <name>int53.obj</name>
      </input_file>
      <input_file id="fl-53">
         <path>C:\ti\ccsv6\tools\compiler\ti-cgt-msp430_4.4.3\lib\</path>
         <kind>archive</kind>
         <file>rts430x_lc_rd_eabi.lib</file>
         <name>int54.obj</name>
      </input_file>
      <input_file id="fl-54">
         <path>C:\ti\ccsv6\tools\compiler\ti-cgt-msp430_4.4.3\lib\</path>
         <kind>archive</kind>
         <file>rts430x_lc_rd_eabi.lib</file>
         <name>copy_zero_init.obj</name>
      </input_file>
      <input_file id="fl-55">
         <path>C:\ti\ccsv6\tools\compiler\ti-cgt-msp430_4.4.3\lib\</path>
         <kind>archive</kind>
         <file>rts430x_lc_rd_eabi.lib</file>
         <name>addd.obj</name>
      </input_file>
      <input_file id="fl-56">
         <path>C:\ti\ccsv6\tools\compiler\ti-cgt-msp430_4.4.3\lib\</path>
         <kind>archive</kind>
         <file>rts430x_lc_rd_eabi.lib</file>
         <name>frcaddd.obj</name>
      </input_file>
      <input_file id="fl-57">
         <path>C:\ti\ccsv6\tools\compiler\ti-cgt-msp430_4.4.3\lib\</path>
         <kind>archive</kind>
         <file>rts430x_lc_rd_eabi.lib</file>
         <name>renormd.obj</name>
      </input_file>
      <input_file id="fl-58">
         <path>C:\ti\ccsv6\tools\compiler\ti-cgt-msp430_4.4.3\lib\</path>
         <kind>archive</kind>
         <file>rts430x_lc_rd_eabi.lib</file>
         <name>fs_add.obj</name>
      </input_file>
      <input_file id="fl-59">
         <path>C:\ti\ccsv6\tools\compiler\ti-cgt-msp430_4.4.3\lib\</path>
         <kind>archive</kind>
         <file>rts430x_lc_rd_eabi.lib</file>
         <name>fs_cmp.obj</name>
      </input_file>
      <input_file id="fl-5a">
         <path>C:\ti\ccsv6\tools\compiler\ti-cgt-msp430_4.4.3\lib\</path>
         <kind>archive</kind>
         <file>rts430x_lc_rd_eabi.lib</file>
         <name>cvtdf.obj</name>
      </input_file>
      <input_file id="fl-5b">
         <path>C:\ti\ccsv6\tools\compiler\ti-cgt-msp430_4.4.3\lib\</path>
         <kind>archive</kind>
         <file>rts430x_lc_rd_eabi.lib</file>
         <name>cvtfd.obj</name>
      </input_file>
      <input_file id="fl-5c">
         <path>C:\ti\ccsv6\tools\compiler\ti-cgt-msp430_4.4.3\lib\</path>
         <kind>archive</kind>
         <file>rts430x_lc_rd_eabi.lib</file>
         <name>divd.obj</name>
      </input_file>
      <input_file id="fl-5d">
         <path>C:\ti\ccsv6\tools\compiler\ti-cgt-msp430_4.4.3\lib\</path>
         <kind>archive</kind>
         <file>rts430x_lc_rd_eabi.lib</file>
         <name>frcdivd.obj</name>
      </input_file>
      <input_file id="fl-5e">
         <path>C:\ti\ccsv6\tools\compiler\ti-cgt-msp430_4.4.3\lib\</path>
         <kind>archive</kind>
         <file>rts430x_lc_rd_eabi.lib</file>
         <name>fs_div.obj</name>
      </input_file>
      <input_file id="fl-5f">
         <path>C:\ti\ccsv6\tools\compiler\ti-cgt-msp430_4.4.3\lib\</path>
         <kind>archive</kind>
         <file>rts430x_lc_rd_eabi.lib</file>
         <name>fs_utof.obj</name>
      </input_file>
      <input_file id="fl-60">
         <path>C:\ti\ccsv6\tools\compiler\ti-cgt-msp430_4.4.3\lib\</path>
         <kind>archive</kind>
         <file>rts430x_lc_rd_eabi.lib</file>
         <name>mpyd.obj</name>
      </input_file>
      <input_file id="fl-61">
         <path>C:\ti\ccsv6\tools\compiler\ti-cgt-msp430_4.4.3\lib\</path>
         <kind>archive</kind>
         <file>rts430x_lc_rd_eabi.lib</file>
         <name>frcmpyd.obj</name>
      </input_file>
      <input_file id="fl-62">
         <path>C:\ti\ccsv6\tools\compiler\ti-cgt-msp430_4.4.3\lib\</path>
         <kind>archive</kind>
         <file>rts430x_lc_rd_eabi.lib</file>
         <name>fs_mpy.obj</name>
      </input_file>
      <input_file id="fl-63">
         <path>C:\ti\ccsv6\tools\compiler\ti-cgt-msp430_4.4.3\lib\</path>
         <kind>archive</kind>
         <file>rts430x_lc_rd_eabi.lib</file>
         <name>mult16.obj</name>
      </input_file>
      <input_file id="fl-64">
         <path>C:\ti\ccsv6\tools\compiler\ti-cgt-msp430_4.4.3\lib\</path>
         <kind>archive</kind>
         <file>rts430x_lc_rd_eabi.lib</file>
         <name>mult16_f5hw.obj</name>
      </input_file>
      <input_file id="fl-65">
         <path>C:\ti\ccsv6\tools\compiler\ti-cgt-msp430_4.4.3\lib\</path>
         <kind>archive</kind>
         <file>rts430x_lc_rd_eabi.lib</file>
         <name>mult32.obj</name>
      </input_file>
      <input_file id="fl-66">
         <path>C:\ti\ccsv6\tools\compiler\ti-cgt-msp430_4.4.3\lib\</path>
         <kind>archive</kind>
         <file>rts430x_lc_rd_eabi.lib</file>
         <name>mult32_f5hw.obj</name>
      </input_file>
      <input_file id="fl-67">
         <path>C:\ti\ccsv6\tools\compiler\ti-cgt-msp430_4.4.3\lib\</path>
         <kind>archive</kind>
         <file>rts430x_lc_rd_eabi.lib</file>
         <name>mult64_f5hw.obj</name>
      </input_file>
      <input_file id="fl-68">
         <path>C:\ti\ccsv6\tools\compiler\ti-cgt-msp430_4.4.3\lib\</path>
         <kind>archive</kind>
         <file>rts430x_lc_rd_eabi.lib</file>
         <name>mult1632_f5hw.obj</name>
      </input_file>
      <input_file id="fl-69">
         <path>C:\ti\ccsv6\tools\compiler\ti-cgt-msp430_4.4.3\lib\</path>
         <kind>archive</kind>
         <file>rts430x_lc_rd_eabi.lib</file>
         <name>mult3264_f5hw.obj</name>
      </input_file>
      <input_file id="fl-6a">
         <path>C:\ti\ccsv6\tools\compiler\ti-cgt-msp430_4.4.3\lib\</path>
         <kind>archive</kind>
         <file>rts430x_lc_rd_eabi.lib</file>
         <name>lsl32.obj</name>
      </input_file>
      <input_file id="fl-6b">
         <path>C:\ti\ccsv6\tools\compiler\ti-cgt-msp430_4.4.3\lib\</path>
         <kind>archive</kind>
         <file>rts430x_lc_rd_eabi.lib</file>
         <name>asr32.obj</name>
      </input_file>
      <input_file id="fl-6c">
         <path>C:\ti\ccsv6\tools\compiler\ti-cgt-msp430_4.4.3\lib\</path>
         <kind>archive</kind>
         <file>rts430x_lc_rd_eabi.lib</file>
         <name>lsr32.obj</name>
      </input_file>
      <input_file id="fl-6d">
         <path>C:\ti\ccsv6\tools\compiler\ti-cgt-msp430_4.4.3\lib\</path>
         <kind>archive</kind>
         <file>rts430x_lc_rd_eabi.lib</file>
         <name>boot.obj</name>
      </input_file>
      <input_file id="fl-6e">
         <path>C:\ti\ccsv6\tools\compiler\ti-cgt-msp430_4.4.3\lib\</path>
         <kind>archive</kind>
         <file>rts430x_lc_rd_eabi.lib</file>
         <name>args_main.obj</name>
      </input_file>
      <input_file id="fl-6f">
         <path>C:\ti\ccsv6\tools\compiler\ti-cgt-msp430_4.4.3\lib\</path>
         <kind>archive</kind>
         <file>rts430x_lc_rd_eabi.lib</file>
         <name>autoinit_wdt.obj</name>
      </input_file>
      <input_file id="fl-70">
         <path>C:\ti\ccsv6\tools\compiler\ti-cgt-msp430_4.4.3\lib\</path>
         <kind>archive</kind>
         <file>rts430x_lc_rd_eabi.lib</file>
         <name>boot_special.obj</name>
      </input_file>
      <input_file id="fl-71">
         <path>C:\ti\ccsv6\tools\compiler\ti-cgt-msp430_4.4.3\lib\</path>
         <kind>archive</kind>
         <file>rts430x_lc_rd_eabi.lib</file>
         <name>mpu_init.obj</name>
      </input_file>
      <input_file id="fl-72">
         <path>C:\ti\ccsv6\tools\compiler\ti-cgt-msp430_4.4.3\lib\</path>
         <kind>archive</kind>
         <file>rts430x_lc_rd_eabi.lib</file>
         <name>pre_init.obj</name>
      </input_file>
      <input_file id="fl-73">
         <path>C:\ti\ccsv6\tools\compiler\ti-cgt-msp430_4.4.3\lib\</path>
         <kind>archive</kind>
         <file>rts430x_lc_rd_eabi.lib</file>
         <name>exit.obj</name>
      </input_file>
      <input_file id="fl-74">
         <path>C:\ti\ccsv6\tools\compiler\ti-cgt-msp430_4.4.3\lib\</path>
         <kind>archive</kind>
         <file>rts430x_lc_rd_eabi.lib</file>
         <name>_lock.obj</name>
      </input_file>
      <input_file id="fl-75">
         <path>C:\ti\ccsv6\tools\compiler\ti-cgt-msp430_4.4.3\lib\</path>
         <kind>archive</kind>
         <file>rts430x_lc_rd_eabi.lib</file>
         <name>cos.obj</name>
      </input_file>
      <input_file id="fl-76">
         <path>C:\ti\ccsv6\tools\compiler\ti-cgt-msp430_4.4.3\lib\</path>
         <kind>archive</kind>
         <file>rts430x_lc_rd_eabi.lib</file>
         <name>xsin.obj</name>
      </input_file>
      <input_file id="fl-77">
         <path>C:\ti\ccsv6\tools\compiler\ti-cgt-msp430_4.4.3\lib\</path>
         <kind>archive</kind>
         <file>rts430x_lc_rd_eabi.lib</file>
         <name>xferaise.obj</name>
      </input_file>
      <input_file id="fl-78">
         <path>C:\ti\ccsv6\tools\compiler\ti-cgt-msp430_4.4.3\lib\</path>
         <kind>archive</kind>
         <file>rts430x_lc_rd_eabi.lib</file>
         <name>errno.obj</name>
      </input_file>
      <input_file id="fl-79">
         <path>C:\ti\ccsv6\tools\compiler\ti-cgt-msp430_4.4.3\lib\</path>
         <kind>archive</kind>
         <file>rts430x_lc_rd_eabi.lib</file>
         <name>xvalues.obj</name>
      </input_file>
      <input_file id="fl-7a">
         <path>C:\ti\ccsv6\tools\compiler\ti-cgt-msp430_4.4.3\lib\</path>
         <kind>archive</kind>
         <file>rts430x_lc_rd_eabi.lib</file>
         <name>cmpd.obj</name>
      </input_file>
      <input_file id="fl-7b">
         <path>C:\ti\ccsv6\tools\compiler\ti-cgt-msp430_4.4.3\lib\</path>
         <kind>archive</kind>
         <file>rts430x_lc_rd_eabi.lib</file>
         <name>fixdli.obj</name>
      </input_file>
      <input_file id="fl-7c">
         <path>C:\ti\ccsv6\tools\compiler\ti-cgt-msp430_4.4.3\lib\</path>
         <kind>archive</kind>
         <file>rts430x_lc_rd_eabi.lib</file>
         <name>fltlid.obj</name>
      </input_file>
      <input_file id="fl-7d">
         <path>C:\ti\ccsv6\tools\compiler\ti-cgt-msp430_4.4.3\lib\</path>
         <kind>archive</kind>
         <file>rts430x_lc_rd_eabi.lib</file>
         <name>negd.obj</name>
      </input_file>
      <input_file id="fl-7e">
         <path>C:\ti\ccsv6\tools\compiler\ti-cgt-msp430_4.4.3\lib\</path>
         <kind>archive</kind>
         <file>rts430x_lc_rd_eabi.lib</file>
         <name>subd.obj</name>
      </input_file>
      <input_file id="fl-7f">
         <path>C:\ti\ccsv6\tools\compiler\ti-cgt-msp430_4.4.3\lib\</path>
         <kind>archive</kind>
         <file>rts430x_lc_rd_eabi.lib</file>
         <name>feraiseexcept.obj</name>
      </input_file>
      <input_file id="fl-80">
         <path>C:\ti\ccsv6\tools\compiler\ti-cgt-msp430_4.4.3\lib\</path>
         <kind>archive</kind>
         <file>rts430x_lc_rd_eabi.lib</file>
         <name>fmod.obj</name>
      </input_file>
      <input_file id="fl-81">
         <path>C:\ti\ccsv6\tools\compiler\ti-cgt-msp430_4.4.3\lib\</path>
         <kind>archive</kind>
         <file>rts430x_lc_rd_eabi.lib</file>
         <name>xdnorm.obj</name>
      </input_file>
      <input_file id="fl-82">
         <path>C:\ti\ccsv6\tools\compiler\ti-cgt-msp430_4.4.3\lib\</path>
         <kind>archive</kind>
         <file>rts430x_lc_rd_eabi.lib</file>
         <name>xdscale.obj</name>
      </input_file>
      <input_file id="fl-83">
         <path>C:\ti\ccsv6\tools\compiler\ti-cgt-msp430_4.4.3\lib\</path>
         <kind>archive</kind>
         <file>rts430x_lc_rd_eabi.lib</file>
         <name>lsl16.obj</name>
      </input_file>
      <input_file id="fl-84">
         <path>C:\ti\ccsv6\tools\compiler\ti-cgt-msp430_4.4.3\lib\</path>
         <kind>archive</kind>
         <file>rts430x_lc_rd_eabi.lib</file>
         <name>lsr16.obj</name>
      </input_file>
      <input_file id="fl-85">
         <path>C:\ti\ccsv6\tools\compiler\ti-cgt-msp430_4.4.3\lib\</path>
         <kind>archive</kind>
         <file>rts430x_lc_rd_eabi.lib</file>
         <name>lsr64.obj</name>
      </input_file>
      <input_file id="fl-86">
         <path>C:\ti\ccsv6\tools\compiler\ti-cgt-msp430_4.4.3\lib\</path>
         <kind>archive</kind>
         <file>rts430x_lc_rd_eabi.lib</file>
         <name>memcpy.obj</name>
      </input_file>
      <input_file id="fl-87">
         <path>C:\ti\ccsv6\tools\compiler\ti-cgt-msp430_4.4.3\lib\</path>
         <kind>archive</kind>
         <file>rts430x_lc_rd_eabi.lib</file>
         <name>raise.obj</name>
      </input_file>
      <input_file id="fl-88">
         <path>C:\ti\ccsv6\tools\compiler\ti-cgt-msp430_4.4.3\lib\</path>
         <kind>archive</kind>
         <file>rts430x_lc_rd_eabi.lib</file>
         <name>signal.obj</name>
      </input_file>
   </input_file_list>
   <object_component_list>
      <object_component id="oc-39d">
         <name>.cinit..data.load</name>
         <load_address>0x44b2</load_address>
         <run_address>0x44b2</run_address>
         <size>0x42</size>
      </object_component>
      <object_component id="oc-39a">
         <name>__TI_handler_table</name>
         <load_address>0x44f4</load_address>
         <run_address>0x44f4</run_address>
         <size>0xc</size>
      </object_component>
      <object_component id="oc-39c">
         <name>.cinit..bss.load</name>
         <load_address>0x4500</load_address>
         <run_address>0x4500</run_address>
         <size>0x6</size>
      </object_component>
      <object_component id="oc-39b">
         <name>__TI_cinit_table</name>
         <load_address>0x4506</load_address>
         <run_address>0x4506</run_address>
         <size>0x10</size>
      </object_component>
      <object_component id="oc-2a4">
         <name>.const:c</name>
         <load_address>0x4444</load_address>
         <run_address>0x4444</run_address>
         <size>0x30</size>
         <input_file_ref idref="fl-76"/>
      </object_component>
      <object_component id="oc-2a1">
         <name>.const:s</name>
         <load_address>0x4474</load_address>
         <run_address>0x4474</run_address>
         <size>0x30</size>
         <input_file_ref idref="fl-76"/>
      </object_component>
      <object_component id="oc-190">
         <name>.const</name>
         <load_address>0x44a4</load_address>
         <run_address>0x44a4</run_address>
         <size>0xe</size>
         <input_file_ref idref="fl-2"/>
      </object_component>
      <object_component id="oc-108">
         <name>.text:_isr:ADC12_ISR</name>
         <load_address>0x4400</load_address>
         <run_address>0x4400</run_address>
         <size>0x1e</size>
         <input_file_ref idref="fl-2"/>
      </object_component>
      <object_component id="oc-bb">
         <name>.text:_isr:_c_int00_noargs_noexit</name>
         <load_address>0x441e</load_address>
         <run_address>0x441e</run_address>
         <size>0x1a</size>
         <input_file_ref idref="fl-70"/>
      </object_component>
      <object_component id="oc-102">
         <name>.text:_isr:TA0_ISR</name>
         <load_address>0x4438</load_address>
         <run_address>0x4438</run_address>
         <size>0x6</size>
         <input_file_ref idref="fl-2"/>
      </object_component>
      <object_component id="oc-fd">
         <name>.text:_isr:__TI_ISR_TRAP</name>
         <load_address>0x443e</load_address>
         <run_address>0x443e</run_address>
         <size>0x6</size>
         <input_file_ref idref="fl-3a"/>
      </object_component>
      <object_component id="oc-235">
         <name>.text:__TI_frcdivd</name>
         <load_address>0x10000</load_address>
         <run_address>0x10000</run_address>
         <size>0x452</size>
         <input_file_ref idref="fl-5d"/>
      </object_component>
      <object_component id="oc-23d">
         <name>.text:_Sin</name>
         <load_address>0x10452</load_address>
         <run_address>0x10452</run_address>
         <size>0x3c2</size>
         <input_file_ref idref="fl-76"/>
      </object_component>
      <object_component id="oc-280">
         <name>.text:fmod</name>
         <load_address>0x10814</load_address>
         <run_address>0x10814</run_address>
         <size>0x31a</size>
         <input_file_ref idref="fl-80"/>
      </object_component>
      <object_component id="oc-22d">
         <name>.text:__TI_frcmpyd</name>
         <load_address>0x10b2e</load_address>
         <run_address>0x10b2e</run_address>
         <size>0x2e4</size>
         <input_file_ref idref="fl-61"/>
      </object_component>
      <object_component id="oc-1a4">
         <name>.text:__mspabi_addd</name>
         <load_address>0x10e12</load_address>
         <run_address>0x10e12</run_address>
         <size>0x2d8</size>
         <input_file_ref idref="fl-55"/>
      </object_component>
      <object_component id="oc-1ea">
         <name>.text:__mspabi_mpyd</name>
         <load_address>0x110ea</load_address>
         <run_address>0x110ea</run_address>
         <size>0x282</size>
         <input_file_ref idref="fl-60"/>
      </object_component>
      <object_component id="oc-212">
         <name>.text:__TI_frcaddd</name>
         <load_address>0x1136c</load_address>
         <run_address>0x1136c</run_address>
         <size>0x252</size>
         <input_file_ref idref="fl-56"/>
      </object_component>
      <object_component id="oc-1f0">
         <name>.text:__mspabi_divd</name>
         <load_address>0x115be</load_address>
         <run_address>0x115be</run_address>
         <size>0x222</size>
         <input_file_ref idref="fl-5c"/>
      </object_component>
      <object_component id="oc-198">
         <name>.text:goetzle_algorithm</name>
         <load_address>0x117e0</load_address>
         <run_address>0x117e0</run_address>
         <size>0x200</size>
         <input_file_ref idref="fl-2"/>
      </object_component>
      <object_component id="oc-2c9">
         <name>.text:_Dscale</name>
         <load_address>0x119e0</load_address>
         <run_address>0x119e0</run_address>
         <size>0x19e</size>
         <input_file_ref idref="fl-82"/>
      </object_component>
      <object_component id="oc-1fc">
         <name>.text</name>
         <load_address>0x11b7e</load_address>
         <run_address>0x11b7e</run_address>
         <size>0x130</size>
         <input_file_ref idref="fl-58"/>
      </object_component>
      <object_component id="oc-135">
         <name>.text:main</name>
         <load_address>0x11cae</load_address>
         <run_address>0x11cae</run_address>
         <size>0x11c</size>
         <input_file_ref idref="fl-2"/>
      </object_component>
      <object_component id="oc-2c3">
         <name>.text:_Dnorm</name>
         <load_address>0x11dca</load_address>
         <run_address>0x11dca</run_address>
         <size>0x100</size>
         <input_file_ref idref="fl-81"/>
      </object_component>
      <object_component id="oc-27a">
         <name>.text:__mspabi_cmpd</name>
         <load_address>0x11eca</load_address>
         <run_address>0x11eca</run_address>
         <size>0xd8</size>
         <input_file_ref idref="fl-7a"/>
      </object_component>
      <object_component id="oc-1e0">
         <name>.text</name>
         <load_address>0x11fa2</load_address>
         <run_address>0x11fa2</run_address>
         <size>0xb6</size>
         <input_file_ref idref="fl-62"/>
      </object_component>
      <object_component id="oc-256">
         <name>.text:__TI_renormd</name>
         <load_address>0x12058</load_address>
         <run_address>0x12058</run_address>
         <size>0xb2</size>
         <input_file_ref idref="fl-57"/>
      </object_component>
      <object_component id="oc-292">
         <name>.text:__mspabi_fltlid</name>
         <load_address>0x1210a</load_address>
         <run_address>0x1210a</run_address>
         <size>0x94</size>
         <input_file_ref idref="fl-7c"/>
      </object_component>
      <object_component id="oc-1e5">
         <name>.text</name>
         <load_address>0x1219e</load_address>
         <run_address>0x1219e</run_address>
         <size>0x8e</size>
         <input_file_ref idref="fl-5e"/>
      </object_component>
      <object_component id="oc-1aa">
         <name>.text:__mspabi_cvtdf</name>
         <load_address>0x1222c</load_address>
         <run_address>0x1222c</run_address>
         <size>0x8c</size>
         <input_file_ref idref="fl-5a"/>
      </object_component>
      <object_component id="oc-11b">
         <name>.text:_auto_init_hold_wdt</name>
         <load_address>0x122b8</load_address>
         <run_address>0x122b8</run_address>
         <size>0x6c</size>
         <input_file_ref idref="fl-6f"/>
      </object_component>
      <object_component id="oc-f0">
         <name>.text:__TI_decompress_rle_core</name>
         <load_address>0x12324</load_address>
         <run_address>0x12324</run_address>
         <size>0x68</size>
         <input_file_ref idref="fl-38"/>
      </object_component>
      <object_component id="oc-28c">
         <name>.text:__mspabi_fixdli</name>
         <load_address>0x1238c</load_address>
         <run_address>0x1238c</run_address>
         <size>0x66</size>
         <input_file_ref idref="fl-7b"/>
      </object_component>
      <object_component id="oc-19e">
         <name>.text:__mspabi_cvtfd</name>
         <load_address>0x123f2</load_address>
         <run_address>0x123f2</run_address>
         <size>0x64</size>
         <input_file_ref idref="fl-5b"/>
      </object_component>
      <object_component id="oc-193">
         <name>.text</name>
         <load_address>0x12456</load_address>
         <run_address>0x12456</run_address>
         <size>0x4a</size>
         <input_file_ref idref="fl-59"/>
      </object_component>
      <object_component id="oc-18a">
         <name>.text:ADC12_Setup</name>
         <load_address>0x124a0</load_address>
         <run_address>0x124a0</run_address>
         <size>0x44</size>
         <input_file_ref idref="fl-2"/>
      </object_component>
      <object_component id="oc-207">
         <name>.text:l_asr_const</name>
         <load_address>0x124e4</load_address>
         <run_address>0x124e4</run_address>
         <size>0x3e</size>
         <input_file_ref idref="fl-6b"/>
      </object_component>
      <object_component id="oc-21f">
         <name>.text:l_lsl_const</name>
         <load_address>0x12522</load_address>
         <run_address>0x12522</run_address>
         <size>0x3e</size>
         <input_file_ref idref="fl-6a"/>
      </object_component>
      <object_component id="oc-263">
         <name>.text:l_lsr_const</name>
         <load_address>0x12560</load_address>
         <run_address>0x12560</run_address>
         <size>0x3e</size>
         <input_file_ref idref="fl-6c"/>
      </object_component>
      <object_component id="oc-2bd">
         <name>.text:__mspabi_srlll</name>
         <load_address>0x1259e</load_address>
         <run_address>0x1259e</run_address>
         <size>0x3a</size>
         <input_file_ref idref="fl-85"/>
      </object_component>
      <object_component id="oc-31d">
         <name>.text:signal</name>
         <load_address>0x125d8</load_address>
         <run_address>0x125d8</run_address>
         <size>0x38</size>
         <input_file_ref idref="fl-88"/>
      </object_component>
      <object_component id="oc-2a7">
         <name>.text:_Feraise</name>
         <load_address>0x12610</load_address>
         <run_address>0x12610</run_address>
         <size>0x36</size>
         <input_file_ref idref="fl-77"/>
      </object_component>
      <object_component id="oc-2e2">
         <name>.text:feraiseexcept</name>
         <load_address>0x12646</load_address>
         <run_address>0x12646</run_address>
         <size>0x34</size>
         <input_file_ref idref="fl-7f"/>
      </object_component>
      <object_component id="oc-286">
         <name>.text:__mspabi_subd</name>
         <load_address>0x1267a</load_address>
         <run_address>0x1267a</run_address>
         <size>0x32</size>
         <input_file_ref idref="fl-7e"/>
      </object_component>
      <object_component id="oc-306">
         <name>.text:raise</name>
         <load_address>0x126ac</load_address>
         <run_address>0x126ac</run_address>
         <size>0x32</size>
         <input_file_ref idref="fl-87"/>
      </object_component>
      <object_component id="oc-29b">
         <name>.text:__mspabi_negd</name>
         <load_address>0x126de</load_address>
         <run_address>0x126de</run_address>
         <size>0x2e</size>
         <input_file_ref idref="fl-7d"/>
      </object_component>
      <object_component id="oc-9d">
         <name>.text:decompress:ZI:__TI_zero_init</name>
         <load_address>0x1270c</load_address>
         <run_address>0x1270c</run_address>
         <size>0x24</size>
         <input_file_ref idref="fl-54"/>
      </object_component>
      <object_component id="oc-201">
         <name>.text</name>
         <load_address>0x12730</load_address>
         <run_address>0x12730</run_address>
         <size>0x24</size>
         <input_file_ref idref="fl-5f"/>
      </object_component>
      <object_component id="oc-268">
         <name>.text</name>
         <load_address>0x12754</load_address>
         <run_address>0x12754</run_address>
         <size>0x22</size>
         <input_file_ref idref="fl-66"/>
      </object_component>
      <object_component id="oc-271">
         <name>.text</name>
         <load_address>0x12776</load_address>
         <run_address>0x12776</run_address>
         <size>0x16</size>
         <input_file_ref idref="fl-64"/>
      </object_component>
      <object_component id="oc-184">
         <name>.text:Timer_A_Setup</name>
         <load_address>0x1278c</load_address>
         <run_address>0x1278c</run_address>
         <size>0x14</size>
         <input_file_ref idref="fl-2"/>
      </object_component>
      <object_component id="oc-e3">
         <name>.text:memcpy</name>
         <load_address>0x127a0</load_address>
         <run_address>0x127a0</run_address>
         <size>0x14</size>
         <input_file_ref idref="fl-86"/>
      </object_component>
      <object_component id="oc-75">
         <name>.text:decompress:none:__TI_decompress_none</name>
         <load_address>0x127b4</load_address>
         <run_address>0x127b4</run_address>
         <size>0x12</size>
         <input_file_ref idref="fl-37"/>
      </object_component>
      <object_component id="oc-251">
         <name>.text:l_asr</name>
         <load_address>0x127c6</load_address>
         <run_address>0x127c6</run_address>
         <size>0x10</size>
         <input_file_ref idref="fl-6b"/>
      </object_component>
      <object_component id="oc-247">
         <name>.text:l_lsl</name>
         <load_address>0x127d6</load_address>
         <run_address>0x127d6</run_address>
         <size>0x10</size>
         <input_file_ref idref="fl-6a"/>
      </object_component>
      <object_component id="oc-24c">
         <name>.text:l_lsr</name>
         <load_address>0x127e6</load_address>
         <run_address>0x127e6</run_address>
         <size>0x10</size>
         <input_file_ref idref="fl-6c"/>
      </object_component>
      <object_component id="oc-1f6">
         <name>.text:cos</name>
         <load_address>0x127f6</load_address>
         <run_address>0x127f6</run_address>
         <size>0xe</size>
         <input_file_ref idref="fl-75"/>
      </object_component>
      <object_component id="oc-2f6">
         <name>.text</name>
         <load_address>0x12804</load_address>
         <run_address>0x12804</run_address>
         <size>0xa</size>
         <input_file_ref idref="fl-83"/>
      </object_component>
      <object_component id="oc-2f1">
         <name>.text</name>
         <load_address>0x1280e</load_address>
         <run_address>0x1280e</run_address>
         <size>0xa</size>
         <input_file_ref idref="fl-84"/>
      </object_component>
      <object_component id="oc-7b">
         <name>.text:decompress:rle24:__TI_decompress_rle24</name>
         <load_address>0x12818</load_address>
         <run_address>0x12818</run_address>
         <size>0x6</size>
         <input_file_ref idref="fl-38"/>
      </object_component>
      <object_component id="oc-115">
         <name>.text:_system_pre_init</name>
         <load_address>0x1281e</load_address>
         <run_address>0x1281e</run_address>
         <size>0x4</size>
         <input_file_ref idref="fl-72"/>
      </object_component>
      <object_component id="oc-13d">
         <name>.text:abort</name>
         <load_address>0x12822</load_address>
         <run_address>0x12822</run_address>
         <size>0x4</size>
         <input_file_ref idref="fl-73"/>
      </object_component>
      <object_component id="oc-1c9">
         <name>.text:_nop</name>
         <load_address>0x12826</load_address>
         <run_address>0x12826</run_address>
         <size>0x2</size>
         <input_file_ref idref="fl-74"/>
      </object_component>
      <object_component id="oc-163">
         <name>.common:data</name>
         <uninitialized>true</uninitialized>
         <run_address>0x1d5a</run_address>
         <size>0x4</size>
      </object_component>
      <object_component id="oc-183">
         <name>.common:resonant_frequency</name>
         <uninitialized>true</uninitialized>
         <run_address>0x1d42</run_address>
         <size>0x18</size>
      </object_component>
      <object_component id="oc-166">
         <name>.common:i</name>
         <uninitialized>true</uninitialized>
         <run_address>0x1d5e</run_address>
         <size>0x2</size>
      </object_component>
      <object_component id="oc-174">
         <name>.data:_lock</name>
         <load_address>0x1d38</load_address>
         <run_address>0x1d38</run_address>
         <size>0x4</size>
         <input_file_ref idref="fl-74"/>
      </object_component>
      <object_component id="oc-17d">
         <name>.data:_unlock</name>
         <load_address>0x1d3c</load_address>
         <run_address>0x1d3c</run_address>
         <size>0x4</size>
         <input_file_ref idref="fl-74"/>
      </object_component>
      <object_component id="oc-2e8">
         <name>.data</name>
         <load_address>0x1d40</load_address>
         <run_address>0x1d40</run_address>
         <size>0x2</size>
         <input_file_ref idref="fl-78"/>
      </object_component>
      <object_component id="oc-298">
         <name>.data</name>
         <load_address>0x1cb0</load_address>
         <run_address>0x1cb0</run_address>
         <size>0x80</size>
         <input_file_ref idref="fl-79"/>
      </object_component>
      <object_component id="oc-303">
         <name>.data</name>
         <load_address>0x1d30</load_address>
         <run_address>0x1d30</run_address>
         <size>0x8</size>
         <input_file_ref idref="fl-7f"/>
      </object_component>
      <object_component id="oc-327">
         <name>.data:sigtable</name>
         <load_address>0x1c00</load_address>
         <run_address>0x1c00</run_address>
         <size>0xb0</size>
         <input_file_ref idref="fl-88"/>
      </object_component>
      <object_component id="oc-df">
         <name>.stack</name>
         <uninitialized>true</uninitialized>
         <run_address>0x2360</run_address>
         <size>0x4</size>
         <input_file_ref idref="fl-6d"/>
      </object_component>
      <object_component id="oc-39e">
         <name>.stack</name>
         <uninitialized>true</uninitialized>
         <run_address>0x2360</run_address>
         <size>0x0</size>
      </object_component>
      <object_component id="oc-81">
         <name>.int27</name>
         <load_address>0xffc6</load_address>
         <run_address>0xffc6</run_address>
         <size>0x2</size>
         <input_file_ref idref="fl-39"/>
      </object_component>
      <object_component id="oc-82">
         <name>.int28</name>
         <load_address>0xffc8</load_address>
         <run_address>0xffc8</run_address>
         <size>0x2</size>
         <input_file_ref idref="fl-3b"/>
      </object_component>
      <object_component id="oc-83">
         <name>.int29</name>
         <load_address>0xffca</load_address>
         <run_address>0xffca</run_address>
         <size>0x2</size>
         <input_file_ref idref="fl-3c"/>
      </object_component>
      <object_component id="oc-84">
         <name>.int30</name>
         <load_address>0xffcc</load_address>
         <run_address>0xffcc</run_address>
         <size>0x2</size>
         <input_file_ref idref="fl-3d"/>
      </object_component>
      <object_component id="oc-85">
         <name>.int31</name>
         <load_address>0xffce</load_address>
         <run_address>0xffce</run_address>
         <size>0x2</size>
         <input_file_ref idref="fl-3e"/>
      </object_component>
      <object_component id="oc-86">
         <name>.int32</name>
         <load_address>0xffd0</load_address>
         <run_address>0xffd0</run_address>
         <size>0x2</size>
         <input_file_ref idref="fl-3f"/>
      </object_component>
      <object_component id="oc-87">
         <name>.int33</name>
         <load_address>0xffd2</load_address>
         <run_address>0xffd2</run_address>
         <size>0x2</size>
         <input_file_ref idref="fl-40"/>
      </object_component>
      <object_component id="oc-88">
         <name>.int34</name>
         <load_address>0xffd4</load_address>
         <run_address>0xffd4</run_address>
         <size>0x2</size>
         <input_file_ref idref="fl-41"/>
      </object_component>
      <object_component id="oc-89">
         <name>.int35</name>
         <load_address>0xffd6</load_address>
         <run_address>0xffd6</run_address>
         <size>0x2</size>
         <input_file_ref idref="fl-42"/>
      </object_component>
      <object_component id="oc-8a">
         <name>.int36</name>
         <load_address>0xffd8</load_address>
         <run_address>0xffd8</run_address>
         <size>0x2</size>
         <input_file_ref idref="fl-43"/>
      </object_component>
      <object_component id="oc-8b">
         <name>.int37</name>
         <load_address>0xffda</load_address>
         <run_address>0xffda</run_address>
         <size>0x2</size>
         <input_file_ref idref="fl-44"/>
      </object_component>
      <object_component id="oc-8c">
         <name>.int38</name>
         <load_address>0xffdc</load_address>
         <run_address>0xffdc</run_address>
         <size>0x2</size>
         <input_file_ref idref="fl-45"/>
      </object_component>
      <object_component id="oc-8d">
         <name>.int39</name>
         <load_address>0xffde</load_address>
         <run_address>0xffde</run_address>
         <size>0x2</size>
         <input_file_ref idref="fl-46"/>
      </object_component>
      <object_component id="oc-8e">
         <name>.int40</name>
         <load_address>0xffe0</load_address>
         <run_address>0xffe0</run_address>
         <size>0x2</size>
         <input_file_ref idref="fl-47"/>
      </object_component>
      <object_component id="oc-8f">
         <name>.int41</name>
         <load_address>0xffe2</load_address>
         <run_address>0xffe2</run_address>
         <size>0x2</size>
         <input_file_ref idref="fl-48"/>
      </object_component>
      <object_component id="oc-90">
         <name>.int42</name>
         <load_address>0xffe4</load_address>
         <run_address>0xffe4</run_address>
         <size>0x2</size>
         <input_file_ref idref="fl-49"/>
      </object_component>
      <object_component id="oc-91">
         <name>.int43</name>
         <load_address>0xffe6</load_address>
         <run_address>0xffe6</run_address>
         <size>0x2</size>
         <input_file_ref idref="fl-4a"/>
      </object_component>
      <object_component id="oc-92">
         <name>.int44</name>
         <load_address>0xffe8</load_address>
         <run_address>0xffe8</run_address>
         <size>0x2</size>
         <input_file_ref idref="fl-2"/>
      </object_component>
      <object_component id="oc-93">
         <name>.int45</name>
         <load_address>0xffea</load_address>
         <run_address>0xffea</run_address>
         <size>0x2</size>
         <input_file_ref idref="fl-2"/>
      </object_component>
      <object_component id="oc-94">
         <name>.int46</name>
         <load_address>0xffec</load_address>
         <run_address>0xffec</run_address>
         <size>0x2</size>
         <input_file_ref idref="fl-4b"/>
      </object_component>
      <object_component id="oc-95">
         <name>.int47</name>
         <load_address>0xffee</load_address>
         <run_address>0xffee</run_address>
         <size>0x2</size>
         <input_file_ref idref="fl-4c"/>
      </object_component>
      <object_component id="oc-96">
         <name>.int48</name>
         <load_address>0xfff0</load_address>
         <run_address>0xfff0</run_address>
         <size>0x2</size>
         <input_file_ref idref="fl-4d"/>
      </object_component>
      <object_component id="oc-97">
         <name>.int49</name>
         <load_address>0xfff2</load_address>
         <run_address>0xfff2</run_address>
         <size>0x2</size>
         <input_file_ref idref="fl-4e"/>
      </object_component>
      <object_component id="oc-98">
         <name>.int50</name>
         <load_address>0xfff4</load_address>
         <run_address>0xfff4</run_address>
         <size>0x2</size>
         <input_file_ref idref="fl-4f"/>
      </object_component>
      <object_component id="oc-99">
         <name>.int51</name>
         <load_address>0xfff6</load_address>
         <run_address>0xfff6</run_address>
         <size>0x2</size>
         <input_file_ref idref="fl-50"/>
      </object_component>
      <object_component id="oc-9a">
         <name>.int52</name>
         <load_address>0xfff8</load_address>
         <run_address>0xfff8</run_address>
         <size>0x2</size>
         <input_file_ref idref="fl-51"/>
      </object_component>
      <object_component id="oc-9b">
         <name>.int53</name>
         <load_address>0xfffa</load_address>
         <run_address>0xfffa</run_address>
         <size>0x2</size>
         <input_file_ref idref="fl-52"/>
      </object_component>
      <object_component id="oc-9c">
         <name>.int54</name>
         <load_address>0xfffc</load_address>
         <run_address>0xfffc</run_address>
         <size>0x2</size>
         <input_file_ref idref="fl-53"/>
      </object_component>
      <object_component id="oc-e2">
         <name>.reset</name>
         <load_address>0xfffe</load_address>
         <run_address>0xfffe</run_address>
         <size>0x2</size>
         <input_file_ref idref="fl-6d"/>
      </object_component>
      <object_component id="oc-164">
         <name>.debug_info</name>
         <load_address>0x0</load_address>
         <run_address>0x0</run_address>
         <size>0x4f0</size>
         <input_file_ref idref="fl-2"/>
      </object_component>
      <object_component id="oc-191">
         <name>.debug_info</name>
         <load_address>0x4f0</load_address>
         <run_address>0x4f0</run_address>
         <size>0x126</size>
         <input_file_ref idref="fl-2"/>
      </object_component>
      <object_component id="oc-136">
         <name>.debug_info</name>
         <load_address>0x616</load_address>
         <run_address>0x616</run_address>
         <size>0x1ca</size>
         <input_file_ref idref="fl-2"/>
      </object_component>
      <object_component id="oc-185">
         <name>.debug_info</name>
         <load_address>0x7e0</load_address>
         <run_address>0x7e0</run_address>
         <size>0xfb</size>
         <input_file_ref idref="fl-2"/>
      </object_component>
      <object_component id="oc-18b">
         <name>.debug_info</name>
         <load_address>0x8db</load_address>
         <run_address>0x8db</run_address>
         <size>0xf7</size>
         <input_file_ref idref="fl-2"/>
      </object_component>
      <object_component id="oc-199">
         <name>.debug_info</name>
         <load_address>0x9d2</load_address>
         <run_address>0x9d2</run_address>
         <size>0x430</size>
         <input_file_ref idref="fl-2"/>
      </object_component>
      <object_component id="oc-109">
         <name>.debug_info</name>
         <load_address>0xe02</load_address>
         <run_address>0xe02</run_address>
         <size>0xf4</size>
         <input_file_ref idref="fl-2"/>
      </object_component>
      <object_component id="oc-103">
         <name>.debug_info</name>
         <load_address>0xef6</load_address>
         <run_address>0xef6</run_address>
         <size>0xf0</size>
         <input_file_ref idref="fl-2"/>
      </object_component>
      <object_component id="oc-1b6">
         <name>.debug_info</name>
         <load_address>0xfe6</load_address>
         <run_address>0xfe6</run_address>
         <size>0x62</size>
         <input_file_ref idref="fl-2"/>
      </object_component>
      <object_component id="oc-14b">
         <name>.debug_info</name>
         <load_address>0x1048</load_address>
         <run_address>0x1048</run_address>
         <size>0x84</size>
         <input_file_ref idref="fl-2"/>
      </object_component>
      <object_component id="oc-ef">
         <name>.debug_info</name>
         <load_address>0x10cc</load_address>
         <run_address>0x10cc</run_address>
         <size>0x1a9</size>
         <input_file_ref idref="fl-37"/>
      </object_component>
      <object_component id="oc-76">
         <name>.debug_info</name>
         <load_address>0x1275</load_address>
         <run_address>0x1275</run_address>
         <size>0x1ab</size>
         <input_file_ref idref="fl-37"/>
      </object_component>
      <object_component id="oc-ea">
         <name>.debug_info</name>
         <load_address>0x1420</load_address>
         <run_address>0x1420</run_address>
         <size>0x46</size>
         <input_file_ref idref="fl-37"/>
      </object_component>
      <object_component id="oc-159">
         <name>.debug_info</name>
         <load_address>0x1466</load_address>
         <run_address>0x1466</run_address>
         <size>0x2c</size>
         <input_file_ref idref="fl-37"/>
      </object_component>
      <object_component id="oc-f7">
         <name>.debug_info</name>
         <load_address>0x1492</load_address>
         <run_address>0x1492</run_address>
         <size>0x166</size>
         <input_file_ref idref="fl-38"/>
      </object_component>
      <object_component id="oc-f1">
         <name>.debug_info</name>
         <load_address>0x15f8</load_address>
         <run_address>0x15f8</run_address>
         <size>0x21d</size>
         <input_file_ref idref="fl-38"/>
      </object_component>
      <object_component id="oc-7c">
         <name>.debug_info</name>
         <load_address>0x1815</load_address>
         <run_address>0x1815</run_address>
         <size>0x194</size>
         <input_file_ref idref="fl-38"/>
      </object_component>
      <object_component id="oc-f8">
         <name>.debug_info</name>
         <load_address>0x19a9</load_address>
         <run_address>0x19a9</run_address>
         <size>0x39</size>
         <input_file_ref idref="fl-38"/>
      </object_component>
      <object_component id="oc-fe">
         <name>.debug_info</name>
         <load_address>0x19e2</load_address>
         <run_address>0x19e2</run_address>
         <size>0xee</size>
         <input_file_ref idref="fl-3a"/>
      </object_component>
      <object_component id="oc-114">
         <name>.debug_info</name>
         <load_address>0x1ad0</load_address>
         <run_address>0x1ad0</run_address>
         <size>0x157</size>
         <input_file_ref idref="fl-54"/>
      </object_component>
      <object_component id="oc-9e">
         <name>.debug_info</name>
         <load_address>0x1c27</load_address>
         <run_address>0x1c27</run_address>
         <size>0x19d</size>
         <input_file_ref idref="fl-54"/>
      </object_component>
      <object_component id="oc-10f">
         <name>.debug_info</name>
         <load_address>0x1dc4</load_address>
         <run_address>0x1dc4</run_address>
         <size>0x46</size>
         <input_file_ref idref="fl-54"/>
      </object_component>
      <object_component id="oc-219">
         <name>.debug_info</name>
         <load_address>0x1e0a</load_address>
         <run_address>0x1e0a</run_address>
         <size>0x20e</size>
         <input_file_ref idref="fl-55"/>
      </object_component>
      <object_component id="oc-1a5">
         <name>.debug_info</name>
         <load_address>0x2018</load_address>
         <run_address>0x2018</run_address>
         <size>0x20a</size>
         <input_file_ref idref="fl-55"/>
      </object_component>
      <object_component id="oc-21a">
         <name>.debug_info</name>
         <load_address>0x2222</load_address>
         <run_address>0x2222</run_address>
         <size>0x94</size>
         <input_file_ref idref="fl-55"/>
      </object_component>
      <object_component id="oc-25d">
         <name>.debug_info</name>
         <load_address>0x22b6</load_address>
         <run_address>0x22b6</run_address>
         <size>0x20c</size>
         <input_file_ref idref="fl-56"/>
      </object_component>
      <object_component id="oc-213">
         <name>.debug_info</name>
         <load_address>0x24c2</load_address>
         <run_address>0x24c2</run_address>
         <size>0x294</size>
         <input_file_ref idref="fl-56"/>
      </object_component>
      <object_component id="oc-2b2">
         <name>.debug_info</name>
         <load_address>0x2756</load_address>
         <run_address>0x2756</run_address>
         <size>0x1de</size>
         <input_file_ref idref="fl-57"/>
      </object_component>
      <object_component id="oc-257">
         <name>.debug_info</name>
         <load_address>0x2934</load_address>
         <run_address>0x2934</run_address>
         <size>0x1b5</size>
         <input_file_ref idref="fl-57"/>
      </object_component>
      <object_component id="oc-1ff">
         <name>.debug_info</name>
         <load_address>0x2ae9</load_address>
         <run_address>0x2ae9</run_address>
         <size>0x100</size>
         <input_file_ref idref="fl-58"/>
      </object_component>
      <object_component id="oc-194">
         <name>.debug_info</name>
         <load_address>0x2be9</load_address>
         <run_address>0x2be9</run_address>
         <size>0x10c</size>
         <input_file_ref idref="fl-59"/>
      </object_component>
      <object_component id="oc-225">
         <name>.debug_info</name>
         <load_address>0x2cf5</load_address>
         <run_address>0x2cf5</run_address>
         <size>0x1cc</size>
         <input_file_ref idref="fl-5a"/>
      </object_component>
      <object_component id="oc-1ab">
         <name>.debug_info</name>
         <load_address>0x2ec1</load_address>
         <run_address>0x2ec1</run_address>
         <size>0x183</size>
         <input_file_ref idref="fl-5a"/>
      </object_component>
      <object_component id="oc-20d">
         <name>.debug_info</name>
         <load_address>0x3044</load_address>
         <run_address>0x3044</run_address>
         <size>0xdb</size>
         <input_file_ref idref="fl-5a"/>
      </object_component>
      <object_component id="oc-1a1">
         <name>.debug_info</name>
         <load_address>0x311f</load_address>
         <run_address>0x311f</run_address>
         <size>0x160</size>
         <input_file_ref idref="fl-5b"/>
      </object_component>
      <object_component id="oc-23c">
         <name>.debug_info</name>
         <load_address>0x327f</load_address>
         <run_address>0x327f</run_address>
         <size>0x209</size>
         <input_file_ref idref="fl-5c"/>
      </object_component>
      <object_component id="oc-1f1">
         <name>.debug_info</name>
         <load_address>0x3488</load_address>
         <run_address>0x3488</run_address>
         <size>0x22a</size>
         <input_file_ref idref="fl-5c"/>
      </object_component>
      <object_component id="oc-277">
         <name>.debug_info</name>
         <load_address>0x36b2</load_address>
         <run_address>0x36b2</run_address>
         <size>0x1de</size>
         <input_file_ref idref="fl-5d"/>
      </object_component>
      <object_component id="oc-238">
         <name>.debug_info</name>
         <load_address>0x3890</load_address>
         <run_address>0x3890</run_address>
         <size>0x583</size>
         <input_file_ref idref="fl-5d"/>
      </object_component>
      <object_component id="oc-1e8">
         <name>.debug_info</name>
         <load_address>0x3e13</load_address>
         <run_address>0x3e13</run_address>
         <size>0x100</size>
         <input_file_ref idref="fl-5e"/>
      </object_component>
      <object_component id="oc-202">
         <name>.debug_info</name>
         <load_address>0x3f13</load_address>
         <run_address>0x3f13</run_address>
         <size>0x103</size>
         <input_file_ref idref="fl-5f"/>
      </object_component>
      <object_component id="oc-234">
         <name>.debug_info</name>
         <load_address>0x4016</load_address>
         <run_address>0x4016</run_address>
         <size>0x209</size>
         <input_file_ref idref="fl-60"/>
      </object_component>
      <object_component id="oc-1eb">
         <name>.debug_info</name>
         <load_address>0x421f</load_address>
         <run_address>0x421f</run_address>
         <size>0x23b</size>
         <input_file_ref idref="fl-60"/>
      </object_component>
      <object_component id="oc-26e">
         <name>.debug_info</name>
         <load_address>0x445a</load_address>
         <run_address>0x445a</run_address>
         <size>0x1fa</size>
         <input_file_ref idref="fl-61"/>
      </object_component>
      <object_component id="oc-22e">
         <name>.debug_info</name>
         <load_address>0x4654</load_address>
         <run_address>0x4654</run_address>
         <size>0x341</size>
         <input_file_ref idref="fl-61"/>
      </object_component>
      <object_component id="oc-1e1">
         <name>.debug_info</name>
         <load_address>0x4995</load_address>
         <run_address>0x4995</run_address>
         <size>0x100</size>
         <input_file_ref idref="fl-62"/>
      </object_component>
      <object_component id="oc-272">
         <name>.debug_info</name>
         <load_address>0x4a95</load_address>
         <run_address>0x4a95</run_address>
         <size>0x10f</size>
         <input_file_ref idref="fl-64"/>
      </object_component>
      <object_component id="oc-269">
         <name>.debug_info</name>
         <load_address>0x4ba4</load_address>
         <run_address>0x4ba4</run_address>
         <size>0x10f</size>
         <input_file_ref idref="fl-66"/>
      </object_component>
      <object_component id="oc-248">
         <name>.debug_info</name>
         <load_address>0x4cb3</load_address>
         <run_address>0x4cb3</run_address>
         <size>0xff</size>
         <input_file_ref idref="fl-6a"/>
      </object_component>
      <object_component id="oc-220">
         <name>.debug_info</name>
         <load_address>0x4db2</load_address>
         <run_address>0x4db2</run_address>
         <size>0x105</size>
         <input_file_ref idref="fl-6a"/>
      </object_component>
      <object_component id="oc-252">
         <name>.debug_info</name>
         <load_address>0x4eb7</load_address>
         <run_address>0x4eb7</run_address>
         <size>0xff</size>
         <input_file_ref idref="fl-6b"/>
      </object_component>
      <object_component id="oc-208">
         <name>.debug_info</name>
         <load_address>0x4fb6</load_address>
         <run_address>0x4fb6</run_address>
         <size>0x105</size>
         <input_file_ref idref="fl-6b"/>
      </object_component>
      <object_component id="oc-24d">
         <name>.debug_info</name>
         <load_address>0x50bb</load_address>
         <run_address>0x50bb</run_address>
         <size>0xff</size>
         <input_file_ref idref="fl-6c"/>
      </object_component>
      <object_component id="oc-264">
         <name>.debug_info</name>
         <load_address>0x51ba</load_address>
         <run_address>0x51ba</run_address>
         <size>0x105</size>
         <input_file_ref idref="fl-6c"/>
      </object_component>
      <object_component id="oc-e0">
         <name>.debug_info</name>
         <load_address>0x52bf</load_address>
         <run_address>0x52bf</run_address>
         <size>0xd8</size>
         <input_file_ref idref="fl-6d"/>
      </object_component>
      <object_component id="oc-16c">
         <name>.debug_info</name>
         <load_address>0x5397</load_address>
         <run_address>0x5397</run_address>
         <size>0x306</size>
         <input_file_ref idref="fl-6f"/>
      </object_component>
      <object_component id="oc-11c">
         <name>.debug_info</name>
         <load_address>0x569d</load_address>
         <run_address>0x569d</run_address>
         <size>0x1da</size>
         <input_file_ref idref="fl-6f"/>
      </object_component>
      <object_component id="oc-1bd">
         <name>.debug_info</name>
         <load_address>0x5877</load_address>
         <run_address>0x5877</run_address>
         <size>0x39</size>
         <input_file_ref idref="fl-6f"/>
      </object_component>
      <object_component id="oc-16d">
         <name>.debug_info</name>
         <load_address>0x58b0</load_address>
         <run_address>0x58b0</run_address>
         <size>0x2c</size>
         <input_file_ref idref="fl-6f"/>
      </object_component>
      <object_component id="oc-bc">
         <name>.debug_info</name>
         <load_address>0x58dc</load_address>
         <run_address>0x58dc</run_address>
         <size>0x179</size>
         <input_file_ref idref="fl-70"/>
      </object_component>
      <object_component id="oc-116">
         <name>.debug_info</name>
         <load_address>0x5a55</load_address>
         <run_address>0x5a55</run_address>
         <size>0x12b</size>
         <input_file_ref idref="fl-72"/>
      </object_component>
      <object_component id="oc-13e">
         <name>.debug_info</name>
         <load_address>0x5b80</load_address>
         <run_address>0x5b80</run_address>
         <size>0xfa</size>
         <input_file_ref idref="fl-73"/>
      </object_component>
      <object_component id="oc-1d1">
         <name>.debug_info</name>
         <load_address>0x5c7a</load_address>
         <run_address>0x5c7a</run_address>
         <size>0x140</size>
         <input_file_ref idref="fl-74"/>
      </object_component>
      <object_component id="oc-175">
         <name>.debug_info</name>
         <load_address>0x5dba</load_address>
         <run_address>0x5dba</run_address>
         <size>0xd7</size>
         <input_file_ref idref="fl-74"/>
      </object_component>
      <object_component id="oc-17e">
         <name>.debug_info</name>
         <load_address>0x5e91</load_address>
         <run_address>0x5e91</run_address>
         <size>0xdb</size>
         <input_file_ref idref="fl-74"/>
      </object_component>
      <object_component id="oc-1ca">
         <name>.debug_info</name>
         <load_address>0x5f6c</load_address>
         <run_address>0x5f6c</run_address>
         <size>0x106</size>
         <input_file_ref idref="fl-74"/>
      </object_component>
      <object_component id="oc-1f7">
         <name>.debug_info</name>
         <load_address>0x6072</load_address>
         <run_address>0x6072</run_address>
         <size>0x127</size>
         <input_file_ref idref="fl-75"/>
      </object_component>
      <object_component id="oc-2df">
         <name>.debug_info</name>
         <load_address>0x6199</load_address>
         <run_address>0x6199</run_address>
         <size>0x249</size>
         <input_file_ref idref="fl-76"/>
      </object_component>
      <object_component id="oc-2a5">
         <name>.debug_info</name>
         <load_address>0x63e2</load_address>
         <run_address>0x63e2</run_address>
         <size>0xcd</size>
         <input_file_ref idref="fl-76"/>
      </object_component>
      <object_component id="oc-2a2">
         <name>.debug_info</name>
         <load_address>0x64af</load_address>
         <run_address>0x64af</run_address>
         <size>0xcd</size>
         <input_file_ref idref="fl-76"/>
      </object_component>
      <object_component id="oc-23e">
         <name>.debug_info</name>
         <load_address>0x657c</load_address>
         <run_address>0x657c</run_address>
         <size>0x574</size>
         <input_file_ref idref="fl-76"/>
      </object_component>
      <object_component id="oc-2d7">
         <name>.debug_info</name>
         <load_address>0x6af0</load_address>
         <run_address>0x6af0</run_address>
         <size>0x86</size>
         <input_file_ref idref="fl-76"/>
      </object_component>
      <object_component id="oc-2a8">
         <name>.debug_info</name>
         <load_address>0x6b76</load_address>
         <run_address>0x6b76</run_address>
         <size>0x155</size>
         <input_file_ref idref="fl-77"/>
      </object_component>
      <object_component id="oc-2e9">
         <name>.debug_info</name>
         <load_address>0x6ccb</load_address>
         <run_address>0x6ccb</run_address>
         <size>0xd8</size>
         <input_file_ref idref="fl-78"/>
      </object_component>
      <object_component id="oc-299">
         <name>.debug_info</name>
         <load_address>0x6da3</load_address>
         <run_address>0x6da3</run_address>
         <size>0x1b7</size>
         <input_file_ref idref="fl-79"/>
      </object_component>
      <object_component id="oc-27b">
         <name>.debug_info</name>
         <load_address>0x6f5a</load_address>
         <run_address>0x6f5a</run_address>
         <size>0x1a7</size>
         <input_file_ref idref="fl-7a"/>
      </object_component>
      <object_component id="oc-28e">
         <name>.debug_info</name>
         <load_address>0x7101</load_address>
         <run_address>0x7101</run_address>
         <size>0x188</size>
         <input_file_ref idref="fl-7b"/>
      </object_component>
      <object_component id="oc-2d4">
         <name>.debug_info</name>
         <load_address>0x7289</load_address>
         <run_address>0x7289</run_address>
         <size>0x1d7</size>
         <input_file_ref idref="fl-7c"/>
      </object_component>
      <object_component id="oc-294">
         <name>.debug_info</name>
         <load_address>0x7460</load_address>
         <run_address>0x7460</run_address>
         <size>0x1cb</size>
         <input_file_ref idref="fl-7c"/>
      </object_component>
      <object_component id="oc-29e">
         <name>.debug_info</name>
         <load_address>0x762b</load_address>
         <run_address>0x762b</run_address>
         <size>0x13b</size>
         <input_file_ref idref="fl-7d"/>
      </object_component>
      <object_component id="oc-287">
         <name>.debug_info</name>
         <load_address>0x7766</load_address>
         <run_address>0x7766</run_address>
         <size>0x17b</size>
         <input_file_ref idref="fl-7e"/>
      </object_component>
      <object_component id="oc-31c">
         <name>.debug_info</name>
         <load_address>0x78e1</load_address>
         <run_address>0x78e1</run_address>
         <size>0x200</size>
         <input_file_ref idref="fl-7f"/>
      </object_component>
      <object_component id="oc-304">
         <name>.debug_info</name>
         <load_address>0x7ae1</load_address>
         <run_address>0x7ae1</run_address>
         <size>0x110</size>
         <input_file_ref idref="fl-7f"/>
      </object_component>
      <object_component id="oc-2e3">
         <name>.debug_info</name>
         <load_address>0x7bf1</load_address>
         <run_address>0x7bf1</run_address>
         <size>0x171</size>
         <input_file_ref idref="fl-7f"/>
      </object_component>
      <object_component id="oc-317">
         <name>.debug_info</name>
         <load_address>0x7d62</load_address>
         <run_address>0x7d62</run_address>
         <size>0x6f</size>
         <input_file_ref idref="fl-7f"/>
      </object_component>
      <object_component id="oc-2d0">
         <name>.debug_info</name>
         <load_address>0x7dd1</load_address>
         <run_address>0x7dd1</run_address>
         <size>0x256</size>
         <input_file_ref idref="fl-80"/>
      </object_component>
      <object_component id="oc-283">
         <name>.debug_info</name>
         <load_address>0x8027</load_address>
         <run_address>0x8027</run_address>
         <size>0x322</size>
         <input_file_ref idref="fl-80"/>
      </object_component>
      <object_component id="oc-2f0">
         <name>.debug_info</name>
         <load_address>0x8349</load_address>
         <run_address>0x8349</run_address>
         <size>0x1dd</size>
         <input_file_ref idref="fl-81"/>
      </object_component>
      <object_component id="oc-2c4">
         <name>.debug_info</name>
         <load_address>0x8526</load_address>
         <run_address>0x8526</run_address>
         <size>0x14f</size>
         <input_file_ref idref="fl-81"/>
      </object_component>
      <object_component id="oc-2fc">
         <name>.debug_info</name>
         <load_address>0x8675</load_address>
         <run_address>0x8675</run_address>
         <size>0x228</size>
         <input_file_ref idref="fl-82"/>
      </object_component>
      <object_component id="oc-2ca">
         <name>.debug_info</name>
         <load_address>0x889d</load_address>
         <run_address>0x889d</run_address>
         <size>0x26f</size>
         <input_file_ref idref="fl-82"/>
      </object_component>
      <object_component id="oc-2f8">
         <name>.debug_info</name>
         <load_address>0x8b0c</load_address>
         <run_address>0x8b0c</run_address>
         <size>0xff</size>
         <input_file_ref idref="fl-83"/>
      </object_component>
      <object_component id="oc-2f2">
         <name>.debug_info</name>
         <load_address>0x8c0b</load_address>
         <run_address>0x8c0b</run_address>
         <size>0xff</size>
         <input_file_ref idref="fl-84"/>
      </object_component>
      <object_component id="oc-2be">
         <name>.debug_info</name>
         <load_address>0x8d0a</load_address>
         <run_address>0x8d0a</run_address>
         <size>0x160</size>
         <input_file_ref idref="fl-85"/>
      </object_component>
      <object_component id="oc-151">
         <name>.debug_info</name>
         <load_address>0x8e6a</load_address>
         <run_address>0x8e6a</run_address>
         <size>0x15f</size>
         <input_file_ref idref="fl-86"/>
      </object_component>
      <object_component id="oc-e4">
         <name>.debug_info</name>
         <load_address>0x8fc9</load_address>
         <run_address>0x8fc9</run_address>
         <size>0x174</size>
         <input_file_ref idref="fl-86"/>
      </object_component>
      <object_component id="oc-152">
         <name>.debug_info</name>
         <load_address>0x913d</load_address>
         <run_address>0x913d</run_address>
         <size>0x2c</size>
         <input_file_ref idref="fl-86"/>
      </object_component>
      <object_component id="oc-324">
         <name>.debug_info</name>
         <load_address>0x9169</load_address>
         <run_address>0x9169</run_address>
         <size>0x17b</size>
         <input_file_ref idref="fl-87"/>
      </object_component>
      <object_component id="oc-307">
         <name>.debug_info</name>
         <load_address>0x92e4</load_address>
         <run_address>0x92e4</run_address>
         <size>0x156</size>
         <input_file_ref idref="fl-87"/>
      </object_component>
      <object_component id="oc-32e">
         <name>.debug_info</name>
         <load_address>0x943a</load_address>
         <run_address>0x943a</run_address>
         <size>0x2c</size>
         <input_file_ref idref="fl-87"/>
      </object_component>
      <object_component id="oc-32b">
         <name>.debug_info</name>
         <load_address>0x9466</load_address>
         <run_address>0x9466</run_address>
         <size>0x19b</size>
         <input_file_ref idref="fl-88"/>
      </object_component>
      <object_component id="oc-328">
         <name>.debug_info</name>
         <load_address>0x9601</load_address>
         <run_address>0x9601</run_address>
         <size>0xdd</size>
         <input_file_ref idref="fl-88"/>
      </object_component>
      <object_component id="oc-31e">
         <name>.debug_info</name>
         <load_address>0x96de</load_address>
         <run_address>0x96de</run_address>
         <size>0x166</size>
         <input_file_ref idref="fl-88"/>
      </object_component>
      <object_component id="oc-3a1">
         <name>.debug_info</name>
         <load_address>0x9844</load_address>
         <run_address>0x9844</run_address>
         <size>0x9d</size>
      </object_component>
      <object_component id="oc-1b5">
         <name>.debug_line</name>
         <load_address>0x0</load_address>
         <run_address>0x0</run_address>
         <size>0xeb</size>
         <input_file_ref idref="fl-2"/>
      </object_component>
      <object_component id="oc-1de">
         <name>.debug_line</name>
         <load_address>0xeb</load_address>
         <run_address>0xeb</run_address>
         <size>0x2d</size>
         <input_file_ref idref="fl-2"/>
      </object_component>
      <object_component id="oc-139">
         <name>.debug_line</name>
         <load_address>0x118</load_address>
         <run_address>0x118</run_address>
         <size>0x80</size>
         <input_file_ref idref="fl-2"/>
      </object_component>
      <object_component id="oc-188">
         <name>.debug_line</name>
         <load_address>0x198</load_address>
         <run_address>0x198</run_address>
         <size>0x45</size>
         <input_file_ref idref="fl-2"/>
      </object_component>
      <object_component id="oc-18e">
         <name>.debug_line</name>
         <load_address>0x1dd</load_address>
         <run_address>0x1dd</run_address>
         <size>0x50</size>
         <input_file_ref idref="fl-2"/>
      </object_component>
      <object_component id="oc-19c">
         <name>.debug_line</name>
         <load_address>0x22d</load_address>
         <run_address>0x22d</run_address>
         <size>0x7a</size>
         <input_file_ref idref="fl-2"/>
      </object_component>
      <object_component id="oc-10c">
         <name>.debug_line</name>
         <load_address>0x2a7</load_address>
         <run_address>0x2a7</run_address>
         <size>0x46</size>
         <input_file_ref idref="fl-2"/>
      </object_component>
      <object_component id="oc-106">
         <name>.debug_line</name>
         <load_address>0x2ed</load_address>
         <run_address>0x2ed</run_address>
         <size>0x43</size>
         <input_file_ref idref="fl-2"/>
      </object_component>
      <object_component id="oc-1b9">
         <name>.debug_line</name>
         <load_address>0x330</load_address>
         <run_address>0x330</run_address>
         <size>0x2d</size>
         <input_file_ref idref="fl-2"/>
      </object_component>
      <object_component id="oc-14e">
         <name>.debug_line</name>
         <load_address>0x35d</load_address>
         <run_address>0x35d</run_address>
         <size>0x20</size>
         <input_file_ref idref="fl-2"/>
      </object_component>
      <object_component id="oc-158">
         <name>.debug_line</name>
         <load_address>0x37d</load_address>
         <run_address>0x37d</run_address>
         <size>0x72</size>
         <input_file_ref idref="fl-37"/>
      </object_component>
      <object_component id="oc-79">
         <name>.debug_line</name>
         <load_address>0x3ef</load_address>
         <run_address>0x3ef</run_address>
         <size>0x50</size>
         <input_file_ref idref="fl-37"/>
      </object_component>
      <object_component id="oc-ed">
         <name>.debug_line</name>
         <load_address>0x43f</load_address>
         <run_address>0x43f</run_address>
         <size>0x3a</size>
         <input_file_ref idref="fl-37"/>
      </object_component>
      <object_component id="oc-15c">
         <name>.debug_line</name>
         <load_address>0x479</load_address>
         <run_address>0x479</run_address>
         <size>0x72</size>
         <input_file_ref idref="fl-37"/>
      </object_component>
      <object_component id="oc-160">
         <name>.debug_line</name>
         <load_address>0x4eb</load_address>
         <run_address>0x4eb</run_address>
         <size>0x20</size>
         <input_file_ref idref="fl-38"/>
      </object_component>
      <object_component id="oc-f4">
         <name>.debug_line</name>
         <load_address>0x50b</load_address>
         <run_address>0x50b</run_address>
         <size>0x8b</size>
         <input_file_ref idref="fl-38"/>
      </object_component>
      <object_component id="oc-7f">
         <name>.debug_line</name>
         <load_address>0x596</load_address>
         <run_address>0x596</run_address>
         <size>0x49</size>
         <input_file_ref idref="fl-38"/>
      </object_component>
      <object_component id="oc-fb">
         <name>.debug_line</name>
         <load_address>0x5df</load_address>
         <run_address>0x5df</run_address>
         <size>0x39</size>
         <input_file_ref idref="fl-38"/>
      </object_component>
      <object_component id="oc-101">
         <name>.debug_line</name>
         <load_address>0x618</load_address>
         <run_address>0x618</run_address>
         <size>0x3c</size>
         <input_file_ref idref="fl-3a"/>
      </object_component>
      <object_component id="oc-169">
         <name>.debug_line</name>
         <load_address>0x654</load_address>
         <run_address>0x654</run_address>
         <size>0x20</size>
         <input_file_ref idref="fl-54"/>
      </object_component>
      <object_component id="oc-a1">
         <name>.debug_line</name>
         <load_address>0x674</load_address>
         <run_address>0x674</run_address>
         <size>0x4d</size>
         <input_file_ref idref="fl-54"/>
      </object_component>
      <object_component id="oc-112">
         <name>.debug_line</name>
         <load_address>0x6c1</load_address>
         <run_address>0x6c1</run_address>
         <size>0x34</size>
         <input_file_ref idref="fl-54"/>
      </object_component>
      <object_component id="oc-25f">
         <name>.debug_line</name>
         <load_address>0x6f5</load_address>
         <run_address>0x6f5</run_address>
         <size>0x2d</size>
         <input_file_ref idref="fl-55"/>
      </object_component>
      <object_component id="oc-1a8">
         <name>.debug_line</name>
         <load_address>0x722</load_address>
         <run_address>0x722</run_address>
         <size>0xc9</size>
         <input_file_ref idref="fl-55"/>
[...]
      <symbol id="sm-697">
         <name>__TI_int38</name>
         <value>0xffdc</value>
         <object_component_ref idref="oc-8c"/>
      </symbol>
      <symbol id="sm-69a">
         <name>__TI_int39</name>
         <value>0xffde</value>
         <object_component_ref idref="oc-8d"/>
      </symbol>
      <symbol id="sm-69d">
         <name>__TI_int40</name>
         <value>0xffe0</value>
         <object_component_ref idref="oc-8e"/>
      </symbol>
      <symbol id="sm-6a0">
         <name>__TI_int41</name>
         <value>0xffe2</value>
         <object_component_ref idref="oc-8f"/>
      </symbol>
      <symbol id="sm-6a3">
         <name>__TI_int42</name>
         <value>0xffe4</value>
         <object_component_ref idref="oc-90"/>
      </symbol>
      <symbol id="sm-6a6">
         <name>__TI_int43</name>
         <value>0xffe6</value>
         <object_component_ref idref="oc-91"/>
      </symbol>
      <symbol id="sm-6a9">
         <name>__TI_int46</name>
         <value>0xffec</value>
         <object_component_ref idref="oc-94"/>
      </symbol>
      <symbol id="sm-6ac">
         <name>__TI_int47</name>
         <value>0xffee</value>
         <object_component_ref idref="oc-95"/>
      </symbol>
      <symbol id="sm-6af">
         <name>__TI_int48</name>
         <value>0xfff0</value>
         <object_component_ref idref="oc-96"/>
      </symbol>
      <symbol id="sm-6b2">
         <name>__TI_int49</name>
         <value>0xfff2</value>
         <object_component_ref idref="oc-97"/>
      </symbol>
      <symbol id="sm-6b5">
         <name>__TI_int50</name>
         <value>0xfff4</value>
         <object_component_ref idref="oc-98"/>
      </symbol>
      <symbol id="sm-6b8">
         <name>__TI_int51</name>
         <value>0xfff6</value>
         <object_component_ref idref="oc-99"/>
      </symbol>
      <symbol id="sm-6bb">
         <name>__TI_int52</name>
         <value>0xfff8</value>
         <object_component_ref idref="oc-9a"/>
      </symbol>
      <symbol id="sm-6be">
         <name>__TI_int53</name>
         <value>0xfffa</value>
         <object_component_ref idref="oc-9b"/>
      </symbol>
      <symbol id="sm-6c1">
         <name>__TI_int54</name>
         <value>0xfffc</value>
         <object_component_ref idref="oc-9c"/>
      </symbol>
      <symbol id="sm-6d4">
         <name>__TI_zero_init</name>
         <value>0x1270c</value>
         <object_component_ref idref="oc-9d"/>
      </symbol>
      <symbol id="sm-6fb">
         <name>__mspabi_addd</name>
         <value>0x10e12</value>
         <object_component_ref idref="oc-1a4"/>
      </symbol>
      <symbol id="sm-71c">
         <name>__TI_frcaddd</name>
         <value>0x1136c</value>
         <object_component_ref idref="oc-212"/>
      </symbol>
      <symbol id="sm-730">
         <name>__TI_renormd</name>
         <value>0x12058</value>
         <object_component_ref idref="oc-256"/>
      </symbol>
      <symbol id="sm-755">
         <name>__mspabi_subf</name>
         <value>0x11b7e</value>
         <object_component_ref idref="oc-1fc"/>
      </symbol>
      <symbol id="sm-756">
         <name>__mspabi_addf</name>
         <value>0x11b84</value>
         <object_component_ref idref="oc-1fc"/>
      </symbol>
      <symbol id="sm-76b">
         <name>__mspabi_cmpf</name>
         <value>0x12456</value>
         <object_component_ref idref="oc-193"/>
      </symbol>
      <symbol id="sm-783">
         <name>__mspabi_cvtdf</name>
         <value>0x1222c</value>
         <object_component_ref idref="oc-1aa"/>
      </symbol>
      <symbol id="sm-791">
         <name>__mspabi_cvtfd</name>
         <value>0x123f2</value>
         <object_component_ref idref="oc-19e"/>
      </symbol>
      <symbol id="sm-7b2">
         <name>__mspabi_divd</name>
         <value>0x115be</value>
         <object_component_ref idref="oc-1f0"/>
      </symbol>
      <symbol id="sm-7cd">
         <name>__TI_frcdivd</name>
         <value>0x10000</value>
         <object_component_ref idref="oc-235"/>
      </symbol>
      <symbol id="sm-7ed">
         <name>__mspabi_divf</name>
         <value>0x1219e</value>
         <object_component_ref idref="oc-1e5"/>
      </symbol>
      <symbol id="sm-7fd">
         <name>__mspabi_fltuf</name>
         <value>0x12730</value>
         <object_component_ref idref="oc-201"/>
      </symbol>
      <symbol id="sm-81d">
         <name>__mspabi_mpyd</name>
         <value>0x110ea</value>
         <object_component_ref idref="oc-1ea"/>
      </symbol>
      <symbol id="sm-82e">
         <name>__TI_frcmpyd</name>
         <value>0x10b2e</value>
         <object_component_ref idref="oc-22d"/>
      </symbol>
      <symbol id="sm-854">
         <name>__mspabi_mpyf</name>
         <value>0x11fa2</value>
         <object_component_ref idref="oc-1e0"/>
      </symbol>
      <symbol id="sm-862">
         <name>__mspabi_mpyi_f5hw</name>
         <value>0x12776</value>
         <object_component_ref idref="oc-271"/>
      </symbol>
      <symbol id="sm-875">
         <name>__mspabi_mpyl_f5hw</name>
         <value>0x12754</value>
         <object_component_ref idref="oc-268"/>
      </symbol>
      <symbol id="sm-8a9">
         <name>__mspabi_slll_9</name>
         <value>0x1253a</value>
         <object_component_ref idref="oc-21f"/>
      </symbol>
      <symbol id="sm-8aa">
         <name>__mspabi_slll_8</name>
         <value>0x1253e</value>
         <object_component_ref idref="oc-21f"/>
      </symbol>
      <symbol id="sm-8ab">
         <name>__mspabi_slll_7</name>
         <value>0x12542</value>
         <object_component_ref idref="oc-21f"/>
      </symbol>
      <symbol id="sm-8ac">
         <name>__mspabi_slll_6</name>
         <value>0x12546</value>
         <object_component_ref idref="oc-21f"/>
      </symbol>
      <symbol id="sm-8ad">
         <name>__mspabi_slll_5</name>
         <value>0x1254a</value>
         <object_component_ref idref="oc-21f"/>
      </symbol>
      <symbol id="sm-8ae">
         <name>__mspabi_slll_4</name>
         <value>0x1254e</value>
         <object_component_ref idref="oc-21f"/>
      </symbol>
      <symbol id="sm-8af">
         <name>__mspabi_slll_3</name>
         <value>0x12552</value>
         <object_component_ref idref="oc-21f"/>
      </symbol>
      <symbol id="sm-8b0">
         <name>__mspabi_slll_2</name>
         <value>0x12556</value>
         <object_component_ref idref="oc-21f"/>
      </symbol>
      <symbol id="sm-8b1">
         <name>__mspabi_slll_1</name>
         <value>0x1255a</value>
         <object_component_ref idref="oc-21f"/>
      </symbol>
      <symbol id="sm-8b2">
         <name>__mspabi_slll</name>
         <value>0x127d6</value>
         <object_component_ref idref="oc-247"/>
      </symbol>
      <symbol id="sm-8b3">
         <name>__mspabi_slll_15</name>
         <value>0x12522</value>
         <object_component_ref idref="oc-21f"/>
      </symbol>
      <symbol id="sm-8b4">
         <name>__mspabi_slll_14</name>
         <value>0x12526</value>
         <object_component_ref idref="oc-21f"/>
      </symbol>
      <symbol id="sm-8b5">
         <name>__mspabi_slll_13</name>
         <value>0x1252a</value>
         <object_component_ref idref="oc-21f"/>
      </symbol>
      <symbol id="sm-8b6">
         <name>__mspabi_slll_12</name>
         <value>0x1252e</value>
         <object_component_ref idref="oc-21f"/>
      </symbol>
      <symbol id="sm-8b7">
         <name>__mspabi_slll_11</name>
         <value>0x12532</value>
         <object_component_ref idref="oc-21f"/>
      </symbol>
      <symbol id="sm-8b8">
         <name>__mspabi_slll_10</name>
         <value>0x12536</value>
         <object_component_ref idref="oc-21f"/>
      </symbol>
      <symbol id="sm-8c8">
         <name>__mspabi_sral</name>
         <value>0x127c6</value>
         <object_component_ref idref="oc-251"/>
      </symbol>
      <symbol id="sm-8c9">
         <name>__mspabi_sral_15</name>
         <value>0x124e4</value>
         <object_component_ref idref="oc-207"/>
      </symbol>
      <symbol id="sm-8ca">
         <name>__mspabi_sral_14</name>
         <value>0x124e8</value>
         <object_component_ref idref="oc-207"/>
      </symbol>
      <symbol id="sm-8cb">
         <name>__mspabi_sral_13</name>
         <value>0x124ec</value>
         <object_component_ref idref="oc-207"/>
      </symbol>
      <symbol id="sm-8cc">
         <name>__mspabi_sral_12</name>
         <value>0x124f0</value>
         <object_component_ref idref="oc-207"/>
      </symbol>
      <symbol id="sm-8cd">
         <name>__mspabi_sral_11</name>
         <value>0x124f4</value>
         <object_component_ref idref="oc-207"/>
      </symbol>
      <symbol id="sm-8ce">
         <name>__mspabi_sral_10</name>
         <value>0x124f8</value>
         <object_component_ref idref="oc-207"/>
      </symbol>
      <symbol id="sm-8cf">
         <name>__mspabi_sral_8</name>
         <value>0x12500</value>
         <object_component_ref idref="oc-207"/>
      </symbol>
      <symbol id="sm-8d0">
         <name>__mspabi_sral_9</name>
         <value>0x124fc</value>
         <object_component_ref idref="oc-207"/>
      </symbol>
      <symbol id="sm-8d1">
         <name>__mspabi_sral_6</name>
         <value>0x12508</value>
         <object_component_ref idref="oc-207"/>
      </symbol>
      <symbol id="sm-8d2">
         <name>__mspabi_sral_7</name>
         <value>0x12504</value>
         <object_component_ref idref="oc-207"/>
      </symbol>
      <symbol id="sm-8d3">
         <name>__mspabi_sral_4</name>
         <value>0x12510</value>
         <object_component_ref idref="oc-207"/>
      </symbol>
      <symbol id="sm-8d4">
         <name>__mspabi_sral_5</name>
         <value>0x1250c</value>
         <object_component_ref idref="oc-207"/>
      </symbol>
      <symbol id="sm-8d5">
         <name>__mspabi_sral_2</name>
         <value>0x12518</value>
         <object_component_ref idref="oc-207"/>
      </symbol>
      <symbol id="sm-8d6">
         <name>__mspabi_sral_3</name>
         <value>0x12514</value>
         <object_component_ref idref="oc-207"/>
      </symbol>
      <symbol id="sm-8d7">
         <name>__mspabi_sral_1</name>
         <value>0x1251c</value>
         <object_component_ref idref="oc-207"/>
      </symbol>
      <symbol id="sm-8e7">
         <name>__mspabi_srll_8</name>
         <value>0x1257c</value>
         <object_component_ref idref="oc-263"/>
      </symbol>
      <symbol id="sm-8e8">
         <name>__mspabi_srll_9</name>
         <value>0x12578</value>
         <object_component_ref idref="oc-263"/>
      </symbol>
      <symbol id="sm-8e9">
         <name>__mspabi_srll_6</name>
         <value>0x12584</value>
         <object_component_ref idref="oc-263"/>
      </symbol>
      <symbol id="sm-8ea">
         <name>__mspabi_srll_7</name>
         <value>0x12580</value>
         <object_component_ref idref="oc-263"/>
      </symbol>
      <symbol id="sm-8eb">
         <name>__mspabi_srll_4</name>
         <value>0x1258c</value>
         <object_component_ref idref="oc-263"/>
      </symbol>
      <symbol id="sm-8ec">
         <name>__mspabi_srll_5</name>
         <value>0x12588</value>
         <object_component_ref idref="oc-263"/>
      </symbol>
      <symbol id="sm-8ed">
         <name>__mspabi_srll_2</name>
         <value>0x12594</value>
         <object_component_ref idref="oc-263"/>
      </symbol>
      <symbol id="sm-8ee">
         <name>__mspabi_srll_3</name>
         <value>0x12590</value>
         <object_component_ref idref="oc-263"/>
      </symbol>
      <symbol id="sm-8ef">
         <name>__mspabi_srll_1</name>
         <value>0x12598</value>
         <object_component_ref idref="oc-263"/>
      </symbol>
      <symbol id="sm-8f0">
         <name>__mspabi_srll_15</name>
         <value>0x12560</value>
         <object_component_ref idref="oc-263"/>
      </symbol>
      <symbol id="sm-8f1">
         <name>__mspabi_srll_14</name>
         <value>0x12564</value>
         <object_component_ref idref="oc-263"/>
      </symbol>
      <symbol id="sm-8f2">
         <name>__mspabi_srll_13</name>
         <value>0x12568</value>
         <object_component_ref idref="oc-263"/>
      </symbol>
      <symbol id="sm-8f3">
         <name>__mspabi_srll_12</name>
         <value>0x1256c</value>
         <object_component_ref idref="oc-263"/>
      </symbol>
      <symbol id="sm-8f4">
         <name>__mspabi_srll_11</name>
         <value>0x12570</value>
         <object_component_ref idref="oc-263"/>
      </symbol>
      <symbol id="sm-8f5">
         <name>__mspabi_srll_10</name>
         <value>0x12574</value>
         <object_component_ref idref="oc-263"/>
      </symbol>
      <symbol id="sm-8f6">
         <name>__mspabi_srll</name>
         <value>0x127e6</value>
         <object_component_ref idref="oc-24c"/>
      </symbol>
      <symbol id="sm-8ff">
         <name>_stack</name>
         <value>0x2360</value>
         <object_component_ref idref="oc-df"/>
      </symbol>
      <symbol id="sm-900">
         <name>_reset_vector</name>
         <value>0xfffe</value>
         <object_component_ref idref="oc-e2"/>
      </symbol>
      <symbol id="sm-91e">
         <name>_auto_init_hold_wdt</name>
         <value>0x122b8</value>
         <object_component_ref idref="oc-11b"/>
      </symbol>
      <symbol id="sm-929">
         <name>_c_int00_noargs_noexit</name>
         <value>0x441e</value>
         <object_component_ref idref="oc-bb"/>
      </symbol>
      <symbol id="sm-933">
         <name>_system_pre_init</name>
         <value>0x1281e</value>
         <object_component_ref idref="oc-115"/>
      </symbol>
      <symbol id="sm-93e">
         <name>C$$EXIT</name>
         <value>0x12822</value>
         <object_component_ref idref="oc-13d"/>
      </symbol>
      <symbol id="sm-93f">
         <name>abort</name>
         <value>0x12822</value>
         <object_component_ref idref="oc-13d"/>
      </symbol>
      <symbol id="sm-955">
         <name>_nop</name>
         <value>0x12826</value>
         <object_component_ref idref="oc-1c9"/>
      </symbol>
      <symbol id="sm-956">
         <name>_lock</name>
         <value>0x1d38</value>
         <object_component_ref idref="oc-174"/>
      </symbol>
      <symbol id="sm-957">
         <name>_unlock</name>
         <value>0x1d3c</value>
         <object_component_ref idref="oc-17d"/>
      </symbol>
      <symbol id="sm-960">
         <name>cos</name>
         <value>0x127f6</value>
         <object_component_ref idref="oc-1f6"/>
      </symbol>
      <symbol id="sm-994">
         <name>_Sin</name>
         <value>0x10452</value>
         <object_component_ref idref="oc-23d"/>
      </symbol>
      <symbol id="sm-9a0">
         <name>_Feraise</name>
         <value>0x12610</value>
         <object_component_ref idref="oc-2a7"/>
      </symbol>
      <symbol id="sm-9a7">
         <name>_Errno</name>
         <value>0x1d40</value>
         <object_component_ref idref="oc-2e8"/>
      </symbol>
      <symbol id="sm-9ae">
         <name>_Rteps</name>
         <value>0x1d10</value>
         <object_component_ref idref="oc-298"/>
      </symbol>
      <symbol id="sm-9af">
         <name>_Zero</name>
         <value>0x1d28</value>
         <object_component_ref idref="oc-298"/>
      </symbol>
      <symbol id="sm-9b0">
         <name>_Hugeval</name>
         <value>0x1cd0</value>
         <object_component_ref idref="oc-298"/>
      </symbol>
      <symbol id="sm-9b1">
         <name>_Snan</name>
         <value>0x1d00</value>
         <object_component_ref idref="oc-298"/>
      </symbol>
      <symbol id="sm-9b2">
         <name>_Nan</name>
         <value>0x1cf0</value>
         <object_component_ref idref="oc-298"/>
      </symbol>
      <symbol id="sm-9b3">
         <name>_Inf</name>
         <value>0x1ce0</value>
         <object_component_ref idref="oc-298"/>
      </symbol>
      <symbol id="sm-9b4">
         <name>_Xbig</name>
         <value>0x1d20</value>
         <object_component_ref idref="oc-298"/>
      </symbol>
      <symbol id="sm-9b5">
         <name>_Eps</name>
         <value>0x1cc0</value>
         <object_component_ref idref="oc-298"/>
      </symbol>
      <symbol id="sm-9b6">
         <name>_Denorm</name>
         <value>0x1cb0</value>
         <object_component_ref idref="oc-298"/>
      </symbol>
      <symbol id="sm-9d0">
         <name>__mspabi_cmpd</name>
         <value>0x11eca</value>
         <object_component_ref idref="oc-27a"/>
      </symbol>
      <symbol id="sm-9df">
         <name>__mspabi_fixdli</name>
         <value>0x1238c</value>
         <object_component_ref idref="oc-28c"/>
      </symbol>
      <symbol id="sm-9f7">
         <name>__mspabi_fltlid</name>
         <value>0x1210a</value>
         <object_component_ref idref="oc-292"/>
      </symbol>
      <symbol id="sm-a00">
         <name>__mspabi_negd</name>
         <value>0x126de</value>
         <object_component_ref idref="oc-29b"/>
      </symbol>
      <symbol id="sm-a09">
         <name>__mspabi_subd</name>
         <value>0x1267a</value>
         <object_component_ref idref="oc-286"/>
      </symbol>
      <symbol id="sm-a21">
         <name>feraiseexcept</name>
         <value>0x12646</value>
         <object_component_ref idref="oc-2e2"/>
      </symbol>
      <symbol id="sm-a22">
         <name>_Tls_setup__Fenv</name>
         <value>0x1d34</value>
         <object_component_ref idref="oc-303"/>
      </symbol>
      <symbol id="sm-a23">
         <name>_Fenv</name>
         <value>0x1d30</value>
         <object_component_ref idref="oc-303"/>
      </symbol>
      <symbol id="sm-a51">
         <name>fmod</name>
         <value>0x10814</value>
         <object_component_ref idref="oc-280"/>
      </symbol>
      <symbol id="sm-a64">
         <name>_Dnorm</name>
         <value>0x11dca</value>
         <object_component_ref idref="oc-2c3"/>
      </symbol>
      <symbol id="sm-a83">
         <name>_Dscale</name>
         <value>0x119e0</value>
         <object_component_ref idref="oc-2c9"/>
      </symbol>
      <symbol id="sm-a8c">
         <name>__mspabi_slli</name>
         <value>0x12804</value>
         <object_component_ref idref="oc-2f6"/>
      </symbol>
      <symbol id="sm-a95">
         <name>__mspabi_srli</name>
         <value>0x1280e</value>
         <object_component_ref idref="oc-2f1"/>
      </symbol>
      <symbol id="sm-aa2">
         <name>__mspabi_srlll</name>
         <value>0x1259e</value>
         <object_component_ref idref="oc-2bd"/>
      </symbol>
      <symbol id="sm-ab5">
         <name>memcpy</name>
         <value>0x127a0</value>
         <object_component_ref idref="oc-e3"/>
      </symbol>
      <symbol id="sm-ac9">
         <name>raise</name>
         <value>0x126ac</value>
         <object_component_ref idref="oc-306"/>
      </symbol>
      <symbol id="sm-ade">
         <name>signal</name>
         <value>0x125d8</value>
         <object_component_ref idref="oc-31d"/>
      </symbol>
      <symbol id="sm-ae3">
         <name>__TI_INITARRAY_Base</name>
         <value>0x0</value>
      </symbol>
      <symbol id="sm-ae4">
         <name>__TI_INITARRAY_Limit</name>
         <value>0x0</value>
      </symbol>
   </symbol_table>
   <title>Link successful</title>
</link_info>
